---
source: baumstamm-lib/src/graph.rs
expression: cut_graph
---
CutGraph(
    Graph {
        sources: [
            0,
            1,
        ],
        nodes: [
            Node {
                value: 0,
                children: [
                    4,
                ],
            },
            Node {
                value: 1,
                children: [
                    2,
                ],
            },
            Node {
                value: 2,
                children: [
                    3,
                ],
            },
            Node {
                value: 3,
                children: [
                    8,
                ],
            },
            Node {
                value: 4,
                children: [
                    5,
                ],
            },
            Node {
                value: 5,
                children: [
                    6,
                ],
            },
            Node {
                value: 6,
                children: [
                    7,
                ],
            },
            Node {
                value: 7,
                children: [
                    9,
                ],
            },
            Node {
                value: 8,
                children: [
                    B,
                ],
            },
            Node {
                value: 9,
                children: [
                    A,
                ],
            },
            Node {
                value: A,
                children: [
                    B,
                ],
            },
            Node {
                value: B,
                children: [],
            },
        ],
    },
)
