---
source: baumstamm-lib/src/tree/graph.rs
expression: gens
---
[
    [
        0,
    ],
    [
        4,
    ],
    [
        5,
    ],
    [
        6,
        1,
    ],
    [
        7,
        2,
    ],
    [
        9,
        3,
    ],
    [
        10,
        8,
    ],
    [
        11,
    ],
]
