---
source: baumstamm-lib/tests/view_snapshots.rs
expression: "serialized_output(&tree, 0x6, &options)"
---
{"relationships":[{"id":"103","parents":[null,null],"children":["6","7"]},{"id":"105","parents":["6","10"],"children":["11","12"]},{"id":"106","parents":["11","13"],"children":["14","15"]},{"id":"107","parents":[null,null],"children":["10","16"]},{"id":"101","parents":[null,null],"children":["1","2","5","8","13","20","21"]}],"persons":[{"id":"6","info":null},{"id":"10","info":null},{"id":"1","info":null},{"id":"14","info":null},{"id":"21","info":null},{"id":"12","info":null},{"id":"5","info":null},{"id":"16","info":null},{"id":"2","info":null},{"id":"15","info":null},{"id":"8","info":null},{"id":"11","info":null},{"id":"20","info":null},{"id":"13","info":null},{"id":"7","info":null}]}
